ok - a note: answer buried under a later routine note: is surfaced with both lines
ok - already-presented note: lines are not re-surfaced on the next drain
ok - a brand-new note: after presentation is surfaced without replaying handled lines
ok - a queued status signal annotates every unread note, not only the newest
WAKE_ACK_REQUIRED: after handling completes run bin/fm-wake-drain.sh --ack-through 1 --recovery-generation 2676417.1791021417.IzIh7s
WAKE_ACK_REQUIRED: after handling completes run bin/fm-wake-drain.sh --ack-through 1 --recovery-generation 2676417.1791021417.IzIh7s
WAKE_ACK_REQUIRED: after handling completes run bin/fm-wake-drain.sh --ack-through 1 --recovery-generation 2676417.1791021417.IzIh7s
ok - a pending-reply resolution buried under a later note surfaces once and closes OPEN DECISIONS
WAKE_ACK_REQUIRED: after handling completes run bin/fm-wake-drain.sh --ack-through 1 --recovery-generation 2678252.1791021420.RYlOgG
WAKE_ACK_REQUIRED: after handling completes run bin/fm-wake-drain.sh --ack-through 2 --recovery-generation 2678252.1791021420.RYlOgG
WAKE_ACK_REQUIRED: after handling completes run bin/fm-wake-drain.sh --ack-through 2 --recovery-generation 2678252.1791021420.RYlOgG
WAKE_ACK_REQUIRED: after handling completes run bin/fm-wake-drain.sh --ack-through 2 --recovery-generation 2678252.1791021420.RYlOgG
ok - a self-announced pending-reply close does not wake yet still surfaces once in UNREAD STATUS
ok - unread status over the former byte cap preserves every line
ok - presentation cursor advances only through its captured endpoint
ok - a reused task id starts its replacement status log unread at byte zero
ok - fallback identity still presents and advances status state
ok - snapshot failures are reported visibly
ok - OPEN DECISIONS still folds needs-decision/blocked independently of unread notes
WAKE_ACK_REQUIRED: after handling completes run bin/fm-wake-drain.sh --ack-through 1 --recovery-generation 2690108.1791021437.qozgFt
ok - an empty-queue backstop presentation still preserves the status for its later signal annotation
ok - routine working and branch-covered done lines print nothing on an empty-queue drain
